// Jest Snapshot v1, https://goo.gl/fbAQLP

exports[`Timeline Component snapshot selectivo de la estructura principal 1`] = `
<div
  aria-label="Línea de tiempo de actividades"
  class="MuiBox-root css-1kxonj9"
  data-testid="timeline"
  role="region"
>
  <div
    class="MuiBox-root css-tns62m"
    role="presentation"
  >
    <div
      class="MuiBox-root css-coipdd"
      role="presentation"
    />
    <span
      aria-hidden="true"
      class="MuiTypography-root MuiTypography-caption css-hokm2s-MuiTypography-root"
      role="presentation"
    >
      00:00
    </span>
    <div
      class="MuiBox-root css-dkxajx"
      role="presentation"
    />
    <span
      aria-hidden="true"
      class="MuiTypography-root MuiTypography-caption css-1l4rl47-MuiTypography-root"
      role="presentation"
    >
      03:00
    </span>
    <div
      class="MuiBox-root css-sh4e0z"
      role="presentation"
    />
    <span
      aria-hidden="true"
      class="MuiTypography-root MuiTypography-caption css-p9wgde-MuiTypography-root"
      role="presentation"
    >
      06:00
    </span>
    <div
      class="MuiBox-root css-umfmpu"
      role="presentation"
    />
    <span
      aria-hidden="true"
      class="MuiTypography-root MuiTypography-caption css-1082jn8-MuiTypography-root"
      role="presentation"
    >
      09:00
    </span>
    <div
      class="MuiBox-root css-8xkugh"
      role="presentation"
    />
    <span
      aria-hidden="true"
      class="MuiTypography-root MuiTypography-caption css-skkabk-MuiTypography-root"
      role="presentation"
    >
      12:00
    </span>
    <div
      class="MuiBox-root css-787qb4"
      role="presentation"
    />
    <span
      aria-hidden="true"
      class="MuiTypography-root MuiTypography-caption css-15mwlmf-MuiTypography-root"
      role="presentation"
    >
      15:00
    </span>
    <div
      class="MuiBox-root css-vj26og"
      role="presentation"
    />
    <span
      aria-hidden="true"
      class="MuiTypography-root MuiTypography-caption css-13si60d-MuiTypography-root"
      role="presentation"
    >
      18:00
    </span>
    <div
      class="MuiBox-root css-1oxr8hv"
      role="presentation"
    />
    <span
      aria-hidden="true"
      class="MuiTypography-root MuiTypography-caption css-1olvnmp-MuiTypography-root"
      role="presentation"
    >
      21:00
    </span>
    <div
      class="MuiBox-root css-fib20g"
      role="presentation"
    />
    <span
      aria-hidden="true"
      class="MuiTypography-root MuiTypography-caption css-tmisbu-MuiTypography-root"
      role="presentation"
    >
      24:00
    </span>
  </div>
  <hr
    class="MuiDivider-root MuiDivider-fullWidth css-1nih0dr-MuiDivider-root"
  />
  <div
    aria-label="Actividades y eventos registrados"
    class="MuiBox-root css-hnij88"
    role="list"
  >
    <div
      aria-label="Actividad Actividad 1: 06:00 a 07:30, duración 1h 30m, completada"
      class="MuiBox-root css-8rl3ex"
      data-mui-internal-clone-element="true"
      data-testid="timeline-bar-act-1"
      role="listitem"
      tabindex="0"
    >
      <div
        aria-hidden="true"
        aria-label="Estimación: 1h"
        class="MuiBox-root css-1llsm5q"
        data-testid="timeline-bar-estimation-act-1"
        role="presentation"
      />
    </div>
    <div
      aria-label="Actividad Actividad 2: 08:00 a 09:00, duración 1h, completada"
      class="MuiBox-root css-16vk8nw"
      data-mui-internal-clone-element="true"
      data-testid="timeline-bar-act-2"
      role="listitem"
      tabindex="0"
    />
    <div
      aria-label="Actividad Actividad 3: 11:00 a 11:30, duración 30m, interrumpida"
      class="MuiBox-root css-12uc9h"
      data-mui-internal-clone-element="true"
      data-testid="timeline-bar-act-3"
      role="listitem"
      tabindex="0"
    >
      <div
        aria-hidden="true"
        aria-label="Estimación: 45m"
        class="MuiBox-root css-gfpmai"
        data-testid="timeline-bar-estimation-act-3"
        role="presentation"
      />
    </div>
    <div
      aria-label="Eventos registrados"
      class="MuiBox-root css-1iv6dpf"
      role="list"
    >
      <div
        aria-label="Evento Evento 1 a las 13:00"
        class="MuiBox-root css-1kw9anv"
        data-mui-internal-clone-element="true"
        data-testid="timeline-event-evt-1"
        role="listitem"
        tabindex="0"
      >
        <svg
          aria-hidden="true"
          class="MuiSvgIcon-root MuiSvgIcon-fontSizeMedium css-1ghvv9k-MuiSvgIcon-root"
          data-testid="FiberManualRecordIcon"
          focusable="false"
          viewBox="0 0 24 24"
        >
          <circle
            cx="12"
            cy="12"
            r="8"
          />
        </svg>
      </div>
      <div
        aria-label="Evento Evento 2 a las 15:30"
        class="MuiBox-root css-1mrojnw"
        data-mui-internal-clone-element="true"
        data-testid="timeline-event-evt-2"
        role="listitem"
        tabindex="0"
      >
        <svg
          aria-hidden="true"
          class="MuiSvgIcon-root MuiSvgIcon-fontSizeMedium css-1ghvv9k-MuiSvgIcon-root"
          data-testid="FiberManualRecordIcon"
          focusable="false"
          viewBox="0 0 24 24"
        >
          <circle
            cx="12"
            cy="12"
            r="8"
          />
        </svg>
      </div>
    </div>
    <div
      aria-label="Interrupciones registradas"
      class="MuiBox-root css-lddf9f"
      role="list"
    >
      <div
        aria-label="Interrupción por Distracción por notificaciones a las 14:30"
        class="MuiBox-root css-ivq956"
        data-mui-internal-clone-element="true"
        data-testid="timeline-interruption-int-1"
        role="listitem"
        tabindex="0"
      >
        <svg
          aria-hidden="true"
          class="MuiSvgIcon-root MuiSvgIcon-fontSizeMedium css-1tb6nb3-MuiSvgIcon-root"
          data-testid="WarningIcon"
          focusable="false"
          viewBox="0 0 24 24"
        >
          <path
            d="M1 21h22L12 2zm12-3h-2v-2h2zm0-4h-2v-4h2z"
          />
        </svg>
      </div>
    </div>
  </div>
</div>
`;
