// Jest Snapshot v1, https://goo.gl/fbAQLP

exports[`Timeline Component snapshot selectivo de la estructura principal 1`] = `
<div
  aria-label="Línea de tiempo de actividades"
  class="MuiBox-root css-fgmf1d"
  data-testid="timeline"
  role="region"
>
  <div
    class="MuiBox-root css-ivqzsn"
    role="presentation"
  >
    <div
      class="MuiBox-root css-coipdd"
      role="presentation"
    />
    <span
      aria-hidden="true"
      class="MuiTypography-root MuiTypography-caption css-17clsek-MuiTypography-root"
      role="presentation"
    >
      00:00
    </span>
    <div
      class="MuiBox-root css-qx0q7g"
      role="presentation"
    />
    <span
      aria-hidden="true"
      class="MuiTypography-root MuiTypography-caption css-1d32ocd-MuiTypography-root"
      role="presentation"
    >
      02:00
    </span>
    <div
      class="MuiBox-root css-cle73f"
      role="presentation"
    />
    <span
      aria-hidden="true"
      class="MuiTypography-root MuiTypography-caption css-uzy3cn-MuiTypography-root"
      role="presentation"
    >
      04:00
    </span>
    <div
      class="MuiBox-root css-sh4e0z"
      role="presentation"
    />
    <span
      aria-hidden="true"
      class="MuiTypography-root MuiTypography-caption css-k2symb-MuiTypography-root"
      role="presentation"
    >
      06:00
    </span>
    <div
      class="MuiBox-root css-19c5y6c"
      role="presentation"
    />
    <span
      aria-hidden="true"
      class="MuiTypography-root MuiTypography-caption css-1ymfo4k-MuiTypography-root"
      role="presentation"
    >
      08:00
    </span>
    <div
      class="MuiBox-root css-1p0hday"
      role="presentation"
    />
    <span
      aria-hidden="true"
      class="MuiTypography-root MuiTypography-caption css-1tc6qcd-MuiTypography-root"
      role="presentation"
    >
      10:00
    </span>
    <div
      class="MuiBox-root css-8xkugh"
      role="presentation"
    />
    <span
      aria-hidden="true"
      class="MuiTypography-root MuiTypography-caption css-2x43ku-MuiTypography-root"
      role="presentation"
    >
      12:00
    </span>
    <div
      class="MuiBox-root css-1p797s1"
      role="presentation"
    />
    <span
      aria-hidden="true"
      class="MuiTypography-root MuiTypography-caption css-ejapux-MuiTypography-root"
      role="presentation"
    >
      14:00
    </span>
    <div
      class="MuiBox-root css-1g6r3sy"
      role="presentation"
    />
    <span
      aria-hidden="true"
      class="MuiTypography-root MuiTypography-caption css-ubxr66-MuiTypography-root"
      role="presentation"
    >
      16:00
    </span>
    <div
      class="MuiBox-root css-vj26og"
      role="presentation"
    />
    <span
      aria-hidden="true"
      class="MuiTypography-root MuiTypography-caption css-rqac3m-MuiTypography-root"
      role="presentation"
    >
      18:00
    </span>
    <div
      class="MuiBox-root css-8rrr6l"
      role="presentation"
    />
    <span
      aria-hidden="true"
      class="MuiTypography-root MuiTypography-caption css-irr6tu-MuiTypography-root"
      role="presentation"
    >
      20:00
    </span>
    <div
      class="MuiBox-root css-o2pdap"
      role="presentation"
    />
    <span
      aria-hidden="true"
      class="MuiTypography-root MuiTypography-caption css-svhll7-MuiTypography-root"
      role="presentation"
    >
      22:00
    </span>
    <div
      class="MuiBox-root css-fib20g"
      role="presentation"
    />
    <span
      aria-hidden="true"
      class="MuiTypography-root MuiTypography-caption css-1x7l53p-MuiTypography-root"
      role="presentation"
    >
      24:00
    </span>
  </div>
  <hr
    class="MuiDivider-root MuiDivider-fullWidth css-19xj4k4-MuiDivider-root"
  />
  <div
    class="MuiBox-root css-11ozacg"
  >
    <div
      aria-label="Actividad Actividad 1: 06:00 a 07:30, duración 1h 30m, completada"
      class="MuiBox-root css-16cs7q1"
      data-estimation-state="exceeded"
      data-mui-internal-clone-element="true"
      data-state="completed"
      data-testid="timeline-bar-act-1"
      role="listitem"
      tabindex="0"
    >
      <div
        aria-hidden="true"
        aria-label="Estimación: 1h"
        class="MuiBox-root css-1llsm5q"
        data-testid="timeline-bar-estimation-act-1"
        role="presentation"
      />
    </div>
    <div
      aria-label="Actividad Actividad 2: 08:00 a 09:00, duración 1h, completada"
      class="MuiBox-root css-zbdvfc"
      data-estimation-state="within-range"
      data-mui-internal-clone-element="true"
      data-state="completed"
      data-testid="timeline-bar-act-2"
      role="listitem"
      tabindex="0"
    />
    <div
      aria-label="Actividad Actividad 3: 11:00 a 11:30, duración 30m, interrumpida"
      class="MuiBox-root css-1u3zubw"
      data-estimation-state="interrupted"
      data-mui-internal-clone-element="true"
      data-state="interrupted"
      data-testid="timeline-bar-act-3"
      role="listitem"
      tabindex="0"
    >
      <div
        aria-hidden="true"
        aria-label="Estimación: 45m"
        class="MuiBox-root css-gfpmai"
        data-testid="timeline-bar-estimation-act-3"
        role="presentation"
      />
    </div>
  </div>
  <div
    class="MuiBox-root css-mc1c4x"
  >
    <div
      aria-label="Evento Evento 1 a las 13:00"
      class="MuiBox-root css-1kw9anv"
      data-mui-internal-clone-element="true"
      data-testid="timeline-event-evt-1"
      role="listitem"
      tabindex="0"
    >
      <svg
        aria-hidden="true"
        class="MuiSvgIcon-root MuiSvgIcon-fontSizeMedium css-1ghvv9k-MuiSvgIcon-root"
        data-testid="FiberManualRecordIcon"
        focusable="false"
        viewBox="0 0 24 24"
      >
        <circle
          cx="12"
          cy="12"
          r="8"
        />
      </svg>
    </div>
    <div
      aria-label="Evento Evento 2 a las 15:30"
      class="MuiBox-root css-1hys3kp"
      data-mui-internal-clone-element="true"
      data-testid="timeline-event-evt-2"
      role="listitem"
      tabindex="0"
    >
      <svg
        aria-hidden="true"
        class="MuiSvgIcon-root MuiSvgIcon-fontSizeMedium css-1ghvv9k-MuiSvgIcon-root"
        data-testid="FiberManualRecordIcon"
        focusable="false"
        viewBox="0 0 24 24"
      >
        <circle
          cx="12"
          cy="12"
          r="8"
        />
      </svg>
    </div>
  </div>
  <div
    class="MuiBox-root css-mc1c4x"
  >
    <div
      aria-label="Interrupción a las 14:30"
      class="MuiBox-root css-ivq956"
      data-mui-internal-clone-element="true"
      data-testid="timeline-interruption-int-1"
      role="listitem"
      tabindex="0"
    >
      <svg
        aria-hidden="true"
        class="MuiSvgIcon-root MuiSvgIcon-fontSizeMedium css-1tb6nb3-MuiSvgIcon-root"
        data-testid="WarningIcon"
        focusable="false"
        viewBox="0 0 24 24"
      >
        <path
          d="M1 21h22L12 2zm12-3h-2v-2h2zm0-4h-2v-4h2z"
        />
      </svg>
    </div>
  </div>
</div>
`;
