// Jest Snapshot v1, https://goo.gl/fbAQLP

exports[`DistributionPie Component respeta la estructura de datos proporcionada 1`] = `
<div>
  <div
    class="MuiBox-root css-2z7te8"
    data-testid="distribution-pie"
  >
    <div>
      <div>
        <div
          data-testid="pie-component"
        >
          <div
            data-testid="pie-cell"
          />
          <div
            data-testid="pie-cell"
          />
        </div>
        <div />
        <div />
      </div>
    </div>
  </div>
</div>
`;
